// Vitest Snapshot v1, https://vitest.dev/guide/snapshot.html

exports[`able to decode a real websocket message 1`] = `
{
  "ackID": 265,
  "nodeChanges": [
    {
      "fillPaints": [
        {
          "blendMode": "NORMAL",
          "color": {
            "a": 1,
            "b": 0,
            "g": 0,
            "r": 0,
          },
          "opacity": 1,
          "type": "SOLID",
          "visible": true,
        },
      ],
      "guid": {
        "localID": 5,
        "sessionID": 9,
      },
    },
  ],
  "sessionID": 9,
  "type": "NODE_CHANGES",
}
`;

exports[`compare red and blue 1`] = `
{
  "ackID": 0,
  "blobs": [
    {
      "bytes": Uint8Array [
        1,
        0,
        0,
        17,
        67,
        0,
        0,
        145,
        66,
        4,
        0,
        0,
        17,
        67,
        207,
        20,
        225,
        66,
        207,
        20,
        225,
        66,
        0,
        0,
        17,
        67,
        0,
        0,
        145,
        66,
        0,
        0,
        17,
        67,
        4,
        97,
        214,
        1,
        66,
        0,
        0,
        17,
        67,
        0,
        0,
        0,
        0,
        207,
        20,
        225,
        66,
        0,
        0,
        0,
        0,
        0,
        0,
        145,
        66,
        4,
        0,
        0,
        0,
        0,
        97,
        214,
        1,
        66,
        97,
        214,
        1,
        66,
        0,
        0,
        0,
        0,
        0,
        0,
        145,
        66,
        0,
        0,
        0,
        0,
        4,
        207,
        20,
        225,
        66,
        0,
        0,
        0,
        0,
        0,
        0,
        17,
        67,
        97,
        214,
        1,
        66,
        0,
        0,
        17,
        67,
        0,
        0,
        145,
        66,
        0,
      ],
    },
  ],
  "nodeChanges": [
    {
      "blendMode": "PASS_THROUGH",
      "guid": {
        "localID": 0,
        "sessionID": 0,
      },
      "mask": false,
      "maskIsOutline": false,
      "name": "Document",
      "opacity": 1,
      "phase": "CREATED",
      "transform": {
        "m00": 1,
        "m01": 0,
        "m02": 0,
        "m10": 0,
        "m11": 1,
        "m12": 0,
      },
      "type": "DOCUMENT",
      "visible": true,
    },
    {
      "backgroundColor": {
        "a": 1,
        "b": 0.9607843160629272,
        "g": 0.9607843160629272,
        "r": 0.9607843160629272,
      },
      "backgroundEnabled": true,
      "backgroundOpacity": 1,
      "blendMode": "PASS_THROUGH",
      "guid": {
        "localID": 1,
        "sessionID": 0,
      },
      "mask": false,
      "maskIsOutline": false,
      "name": "Page 1",
      "opacity": 1,
      "parentIndex": {
        "guid": {
          "localID": 0,
          "sessionID": 0,
        },
        "position": "!",
      },
      "phase": "CREATED",
      "transform": {
        "m00": 1,
        "m01": 0,
        "m02": 0,
        "m10": 0,
        "m11": 1,
        "m12": 0,
      },
      "type": "CANVAS",
      "visible": true,
    },
    {
      "blendMode": "PASS_THROUGH",
      "guid": {
        "localID": 2,
        "sessionID": 0,
      },
      "internalOnly": true,
      "mask": false,
      "maskIsOutline": false,
      "name": "Internal Only Canvas",
      "opacity": 1,
      "parentIndex": {
        "guid": {
          "localID": 0,
          "sessionID": 0,
        },
        "position": "~",
      },
      "phase": "CREATED",
      "transform": {
        "m00": 1,
        "m01": 0,
        "m02": 0,
        "m10": 0,
        "m11": 1,
        "m12": 0,
      },
      "type": "CANVAS",
      "visible": false,
    },
    {
      "arcData": {
        "endingAngle": 6.2831854820251465,
        "innerRadius": 0,
        "startingAngle": 0,
      },
      "blendMode": "PASS_THROUGH",
      "cornerRadius": 0,
      "cornerSmoothing": 0,
      "dashPattern": [],
      "fillGeometry": [
        {
          "commandsBlob": 0,
          "styleID": 0,
          "windingRule": "NONZERO",
        },
      ],
      "fillPaints": [
        {
          "blendMode": "NORMAL",
          "color": {
            "a": 1,
            "b": 0.8500000238418579,
            "g": 0.6204999685287476,
            "r": 0.53125,
          },
          "opacity": 1,
          "type": "SOLID",
          "visible": true,
        },
      ],
      "guid": {
        "localID": 2,
        "sessionID": 2,
      },
      "handleMirroring": "NONE",
      "horizontalConstraint": "MIN",
      "locked": false,
      "mask": false,
      "maskIsOutline": false,
      "miterLimit": 4,
      "name": "Ellipse 1",
      "opacity": 1,
      "parentIndex": {
        "guid": {
          "localID": 1,
          "sessionID": 0,
        },
        "position": "!",
      },
      "phase": "CREATED",
      "proportionsConstrained": true,
      "size": {
        "x": 145,
        "y": 145,
      },
      "strokeAlign": "INSIDE",
      "strokeCap": "NONE",
      "strokeGeometry": [],
      "strokeJoin": "MITER",
      "strokePaints": [],
      "strokeWeight": 1,
      "transform": {
        "m00": 1,
        "m01": 0,
        "m02": 0,
        "m10": 0,
        "m11": 1,
        "m12": 0,
      },
      "type": "ELLIPSE",
      "verticalConstraint": "MIN",
      "visible": true,
    },
  ],
  "sessionID": 0,
  "type": "NODE_CHANGES",
}
`;
